[brand]▌[/]      [brand-ramp1]▄▄███[/]
[brand]▌[/]   [brand-ramp2]▄▄[/] [brand-ramp1]▀▀▀▀▀[/]
[brand]▌[/]  [brand-ramp2]▄██[/]        [strong]contenox[/][muted] — advance with excellence[/]
[brand]▌[/]  [brand-ramp2]███[/] [brand-ramp3]▄▄▄▄▄[/]
[brand]▌[/]      [brand-ramp3]▀▀███[/]
[brand]▌[/]
[brand]▌[/]  /[muted] commands[/][muted]   [/]@[muted] files[/][muted]   [/]![muted] shell[/][muted]   [/]/editor[muted] compose[/][muted]   [/]?[muted] keys[/]

